.bg-img {
  background-image: url('my-img.png');
  background-image: image-set('my-img.png' 1x);
}
